2026-10-08T15:22:16  [SMS to PARENT 8000000127]  Absent in period 1 | Your ward Karan Rao (127) was ABSENT in period 1 - CS304 Computer Organization on 08-Oct-2026.
2026-10-08T15:22:16  [EMAIL to ADVISOR anitha@college.edu]  CSE-III-A: absent in period 1 | CSE-III-A - Karan Rao (127) was ABSENT in period 1 - CS304 Computer Organization on 08-Oct-2026.
2026-10-08T15:22:16  [SMS to PARENT 8000000150]  Absent in period 1 | Your ward Ananya Sharma (150) was ABSENT in period 1 - CS304 Computer Organization on 08-Oct-2026.
2026-10-08T15:22:16  [EMAIL to ADVISOR anitha@college.edu]  CSE-III-A: absent in period 1 | CSE-III-A - Ananya Sharma (150) was ABSENT in period 1 - CS304 Computer Organization on 08-Oct-2026.
2026-10-08T15:22:16  [SMS to PARENT 8000000104]  Absent in period 1 | Your ward Divya (104) was ABSENT in period 1 - CS304 Computer Organization on 08-Oct-2026.
2026-10-08T15:22:16  [EMAIL to ADVISOR anitha@college.edu]  CSE-III-A: absent in period 1 | CSE-III-A - Divya (104) was ABSENT in period 1 - CS304 Computer Organization on 08-Oct-2026.
2026-10-08T15:22:16  [SMS to PARENT 8000000131]  Absent in period 7 | Your ward Jeeva Patel (131) was ABSENT in period 7 - CS304 Computer Organization on 08-Oct-2026.
2026-10-08T15:22:16  [EMAIL to ADVISOR anitha@college.edu]  CSE-III-A: absent in period 7 | CSE-III-A - Jeeva Patel (131) was ABSENT in period 7 - CS304 Computer Organization on 08-Oct-2026.
2026-10-08T15:22:16  [SMS to PARENT 8000000154]  Absent in period 7 | Your ward Keerthi Raman (154) was ABSENT in period 7 - CS304 Computer Organization on 08-Oct-2026.
2026-10-08T15:22:16  [EMAIL to ADVISOR anitha@college.edu]  CSE-III-A: absent in period 7 | CSE-III-A - Keerthi Raman (154) was ABSENT in period 7 - CS304 Computer Organization on 08-Oct-2026.
2026-10-08T15:22:16  [SMS to PARENT 8000000104]  Absent in period 7 | Your ward Divya (104) was ABSENT in period 7 - CS304 Computer Organization on 08-Oct-2026.
2026-10-08T15:22:16  [EMAIL to ADVISOR anitha@college.edu]  CSE-III-A: absent in period 7 | CSE-III-A - Divya (104) was ABSENT in period 7 - CS304 Computer Organization on 08-Oct-2026.
2026-10-08T15:22:16  [SMS to PARENT 8000000133]  Absent in period 2 | Your ward Diya Kumar (133) was ABSENT in period 2 - CS305 Operating Systems on 08-Oct-2026.
2026-10-08T15:22:16  [EMAIL to ADVISOR anitha@college.edu]  CSE-III-A: absent in period 2 | CSE-III-A - Diya Kumar (133) was ABSENT in period 2 - CS305 Operating Systems on 08-Oct-2026.
2026-10-08T15:22:16  [SMS to PARENT 8000000156]  Absent in period 2 | Your ward Meera Patel (156) was ABSENT in period 2 - CS305 Operating Systems on 08-Oct-2026.
2026-10-08T15:22:16  [EMAIL to ADVISOR anitha@college.edu]  CSE-III-A: absent in period 2 | CSE-III-A - Meera Patel (156) was ABSENT in period 2 - CS305 Operating Systems on 08-Oct-2026.
2026-10-08T15:22:16  [SMS to PARENT 8000000110]  Absent in period 2 | Your ward Nisha (110) was ABSENT in period 2 - CS305 Operating Systems on 08-Oct-2026.
2026-10-08T15:22:16  [EMAIL to ADVISOR anitha@college.edu]  CSE-III-A: absent in period 2 | CSE-III-A - Nisha (110) was ABSENT in period 2 - CS305 Operating Systems on 08-Oct-2026.
2026-10-08T15:22:16  [SMS to PARENT 8000000114]  Absent in period 8 | Your ward Keerthi Bose (114) was ABSENT in period 8 - CS305 Operating Systems on 08-Oct-2026.
2026-10-08T15:22:16  [EMAIL to ADVISOR anitha@college.edu]  CSE-III-A: absent in period 8 | CSE-III-A - Keerthi Bose (114) was ABSENT in period 8 - CS305 Operating Systems on 08-Oct-2026.
2026-10-08T15:22:16  [SMS to PARENT 8000000137]  Absent in period 8 | Your ward Madhu Subramanian (137) was ABSENT in period 8 - CS305 Operating Systems on 08-Oct-2026.
2026-10-08T15:22:16  [EMAIL to ADVISOR anitha@college.edu]  CSE-III-A: absent in period 8 | CSE-III-A - Madhu Subramanian (137) was ABSENT in period 8 - CS305 Operating Systems on 08-Oct-2026.
2026-10-08T15:22:16  [SMS to PARENT 8000000160]  Absent in period 8 | Your ward Aarav Menon (160) was ABSENT in period 8 - CS305 Operating Systems on 08-Oct-2026.
2026-10-08T15:22:16  [EMAIL to ADVISOR anitha@college.edu]  CSE-III-A: absent in period 8 | CSE-III-A - Aarav Menon (160) was ABSENT in period 8 - CS305 Operating Systems on 08-Oct-2026.
2026-10-08T15:22:16  [SMS to PARENT 8000000166]  Absent in period 1 | Your ward Arjun Kumar (166) was ABSENT in period 1 - EC302 Signals and Systems on 08-Oct-2026.
2026-10-08T15:22:16  [EMAIL to ADVISOR harini@college.edu]  ECE-III-A: absent in period 1 | ECE-III-A - Arjun Kumar (166) was ABSENT in period 1 - EC302 Signals and Systems on 08-Oct-2026.
2026-10-08T15:22:16  [SMS to PARENT 8000000189]  Absent in period 1 | Your ward Sai Patel (189) was ABSENT in period 1 - EC302 Signals and Systems on 08-Oct-2026.
2026-10-08T15:22:16  [EMAIL to ADVISOR harini@college.edu]  ECE-III-A: absent in period 1 | ECE-III-A - Sai Patel (189) was ABSENT in period 1 - EC302 Signals and Systems on 08-Oct-2026.
2026-10-08T15:22:16  [SMS to PARENT 8000000212]  Absent in period 1 | Your ward Reyansh Raman (212) was ABSENT in period 1 - EC302 Signals and Systems on 08-Oct-2026.
2026-10-08T15:22:16  [EMAIL to ADVISOR harini@college.edu]  ECE-III-A: absent in period 1 | ECE-III-A - Reyansh Raman (212) was ABSENT in period 1 - EC302 Signals and Systems on 08-Oct-2026.
2026-10-08T15:22:16  [SMS to PARENT 8000000170]  Absent in period 7 | Your ward Abinaya Subramanian (170) was ABSENT in period 7 - EC302 Signals and Systems on 08-Oct-2026.
2026-10-08T15:22:16  [EMAIL to ADVISOR harini@college.edu]  ECE-III-A: absent in period 7 | ECE-III-A - Abinaya Subramanian (170) was ABSENT in period 7 - EC302 Signals and Systems on 08-Oct-2026.
2026-10-08T15:22:16  [SMS to PARENT 8000000193]  Absent in period 7 | Your ward Bhavana Menon (193) was ABSENT in period 7 - EC302 Signals and Systems on 08-Oct-2026.
2026-10-08T15:22:16  [EMAIL to ADVISOR harini@college.edu]  ECE-III-A: absent in period 7 | ECE-III-A - Bhavana Menon (193) was ABSENT in period 7 - EC302 Signals and Systems on 08-Oct-2026.
2026-10-08T15:22:16  [SMS to PARENT 8000000216]  Absent in period 7 | Your ward Charulatha Kumar (216) was ABSENT in period 7 - EC302 Signals and Systems on 08-Oct-2026.
2026-10-08T15:22:16  [EMAIL to ADVISOR harini@college.edu]  ECE-III-A: absent in period 7 | ECE-III-A - Charulatha Kumar (216) was ABSENT in period 7 - EC302 Signals and Systems on 08-Oct-2026.
2026-10-08T15:22:16  [SMS to PARENT 8000000172]  Absent in period 2 | Your ward Reyansh Bose (172) was ABSENT in period 2 - EC303 Electronic Circuits on 08-Oct-2026.
2026-10-08T15:22:16  [EMAIL to ADVISOR harini@college.edu]  ECE-III-A: absent in period 2 | ECE-III-A - Reyansh Bose (172) was ABSENT in period 2 - EC303 Electronic Circuits on 08-Oct-2026.
2026-10-08T15:22:16  [SMS to PARENT 8000000195]  Absent in period 2 | Your ward Krishna Subramanian (195) was ABSENT in period 2 - EC303 Electronic Circuits on 08-Oct-2026.
2026-10-08T15:22:16  [EMAIL to ADVISOR harini@college.edu]  ECE-III-A: absent in period 2 | ECE-III-A - Krishna Subramanian (195) was ABSENT in period 2 - EC303 Electronic Circuits on 08-Oct-2026.
2026-10-08T15:22:16  [SMS to PARENT 8000000218]  Absent in period 2 | Your ward Ishaan Menon (218) was ABSENT in period 2 - EC303 Electronic Circuits on 08-Oct-2026.
2026-10-08T15:22:16  [EMAIL to ADVISOR harini@college.edu]  ECE-III-A: absent in period 2 | ECE-III-A - Ishaan Menon (218) was ABSENT in period 2 - EC303 Electronic Circuits on 08-Oct-2026.
2026-10-08T15:22:16  [SMS to PARENT 8000000116]  Absent in period 3 | Your ward Meera Mohan (116) was ABSENT in period 3 - CS306 Software Engineering on 08-Oct-2026.
2026-10-08T15:22:16  [EMAIL to ADVISOR anitha@college.edu]  CSE-III-A: absent in period 3 | CSE-III-A - Meera Mohan (116) was ABSENT in period 3 - CS306 Software Engineering on 08-Oct-2026.
2026-10-08T15:22:16  [SMS to PARENT 8000000139]  Absent in period 3 | Your ward Kavya Bose (139) was ABSENT in period 3 - CS306 Software Engineering on 08-Oct-2026.
2026-10-08T15:22:16  [EMAIL to ADVISOR anitha@college.edu]  CSE-III-A: absent in period 3 | CSE-III-A - Kavya Bose (139) was ABSENT in period 3 - CS306 Software Engineering on 08-Oct-2026.
2026-10-08T15:22:16  [SMS to PARENT 8000000162]  Absent in period 3 | Your ward Nithya Subramanian (162) was ABSENT in period 3 - CS306 Software Engineering on 08-Oct-2026.
2026-10-08T15:22:16  [EMAIL to ADVISOR anitha@college.edu]  CSE-III-A: absent in period 3 | CSE-III-A - Nithya Subramanian (162) was ABSENT in period 3 - CS306 Software Engineering on 08-Oct-2026.
2026-10-08T15:22:16  [SMS to PARENT 8000000104]  Absent in period 3 | Your ward Divya (104) was ABSENT in period 3 - CS306 Software Engineering on 08-Oct-2026.
2026-10-08T15:22:16  [EMAIL to ADVISOR anitha@college.edu]  CSE-III-A: absent in period 3 | CSE-III-A - Divya (104) was ABSENT in period 3 - CS306 Software Engineering on 08-Oct-2026.
2026-10-08T15:22:16  [SMS to PARENT 8000000178]  Absent in period 3 | Your ward Ishaan Krishnan (178) was ABSENT in period 3 - EC304 Network Analysis on 08-Oct-2026.
2026-10-08T15:22:16  [EMAIL to ADVISOR harini@college.edu]  ECE-III-A: absent in period 3 | ECE-III-A - Ishaan Krishnan (178) was ABSENT in period 3 - EC304 Network Analysis on 08-Oct-2026.
2026-10-08T15:22:16  [SMS to PARENT 8000000201]  Absent in period 3 | Your ward Rohan Pillai (201) was ABSENT in period 3 - EC304 Network Analysis on 08-Oct-2026.
2026-10-08T15:22:16  [EMAIL to ADVISOR harini@college.edu]  ECE-III-A: absent in period 3 | ECE-III-A - Rohan Pillai (201) was ABSENT in period 3 - EC304 Network Analysis on 08-Oct-2026.
2026-10-08T15:22:16  [SMS to PARENT 8000000184]  Absent in period 4 | Your ward Aditya Reddy (184) was ABSENT in period 4 - EC305 Electromagnetic Fields on 08-Oct-2026.
2026-10-08T15:22:16  [EMAIL to ADVISOR harini@college.edu]  ECE-III-A: absent in period 4 | ECE-III-A - Aditya Reddy (184) was ABSENT in period 4 - EC305 Electromagnetic Fields on 08-Oct-2026.
2026-10-08T15:22:16  [SMS to PARENT 8000000207]  Absent in period 4 | Your ward Karan Varma (207) was ABSENT in period 4 - EC305 Electromagnetic Fields on 08-Oct-2026.
2026-10-08T15:22:16  [EMAIL to ADVISOR harini@college.edu]  ECE-III-A: absent in period 4 | ECE-III-A - Karan Varma (207) was ABSENT in period 4 - EC305 Electromagnetic Fields on 08-Oct-2026.
2026-10-08T15:22:16  [SMS to PARENT 8000000176]  Absent in period 8 | Your ward Charulatha Pillai (176) was ABSENT in period 8 - EC303 Electronic Circuits on 08-Oct-2026.
2026-10-08T15:22:16  [EMAIL to ADVISOR harini@college.edu]  ECE-III-A: absent in period 8 | ECE-III-A - Charulatha Pillai (176) was ABSENT in period 8 - EC303 Electronic Circuits on 08-Oct-2026.
2026-10-08T15:22:16  [SMS to PARENT 8000000199]  Absent in period 8 | Your ward Divya Mohan (199) was ABSENT in period 8 - EC303 Electronic Circuits on 08-Oct-2026.
2026-10-08T15:22:16  [EMAIL to ADVISOR harini@college.edu]  ECE-III-A: absent in period 8 | ECE-III-A - Divya Mohan (199) was ABSENT in period 8 - EC303 Electronic Circuits on 08-Oct-2026.
2026-10-08T15:22:17  [SMS to PARENT 8000000222]  Absent in period 8 | Your ward Esha Bose (222) was ABSENT in period 8 - EC303 Electronic Circuits on 08-Oct-2026.
2026-10-08T15:22:17  [EMAIL to ADVISOR harini@college.edu]  ECE-III-A: absent in period 8 | ECE-III-A - Esha Bose (222) was ABSENT in period 8 - EC303 Electronic Circuits on 08-Oct-2026.
2026-10-08T15:22:17  [SMS to PARENT 8000000167]  Absent in period 5 | Your ward Karan Nair (167) was ABSENT in period 5 - EC306 Probability and Random Processes on 08-Oct-2026.
2026-10-08T15:22:17  [EMAIL to ADVISOR harini@college.edu]  ECE-III-A: absent in period 5 | ECE-III-A - Karan Nair (167) was ABSENT in period 5 - EC306 Probability and Random Processes on 08-Oct-2026.
2026-10-08T15:22:17  [SMS to PARENT 8000000190]  Absent in period 5 | Your ward Ananya Joshi (190) was ABSENT in period 5 - EC306 Probability and Random Processes on 08-Oct-2026.
2026-10-08T15:22:17  [EMAIL to ADVISOR harini@college.edu]  ECE-III-A: absent in period 5 | ECE-III-A - Ananya Joshi (190) was ABSENT in period 5 - EC306 Probability and Random Processes on 08-Oct-2026.
2026-10-08T15:22:17  [SMS to PARENT 8000000213]  Absent in period 5 | Your ward Diya Chandran (213) was ABSENT in period 5 - EC306 Probability and Random Processes on 08-Oct-2026.
2026-10-08T15:22:17  [EMAIL to ADVISOR harini@college.edu]  ECE-III-A: absent in period 5 | ECE-III-A - Diya Chandran (213) was ABSENT in period 5 - EC306 Probability and Random Processes on 08-Oct-2026.
2026-10-08T15:22:17  [SMS to PARENT 8000000235]  Absent in period 7 | Your ward Krishna Das (235) was ABSENT in period 7 - EE302 Electromagnetic Theory on 08-Oct-2026.
2026-10-08T15:22:17  [EMAIL to ADVISOR geetha@college.edu]  EEE-III-A: absent in period 7 | EEE-III-A - Krishna Das (235) was ABSENT in period 7 - EE302 Electromagnetic Theory on 08-Oct-2026.
2026-10-08T15:22:17  [SMS to PARENT 8000000258]  Absent in period 7 | Your ward Ishaan Iyer (258) was ABSENT in period 7 - EE302 Electromagnetic Theory on 08-Oct-2026.
2026-10-08T15:22:17  [EMAIL to ADVISOR geetha@college.edu]  EEE-III-A: absent in period 7 | EEE-III-A - Ishaan Iyer (258) was ABSENT in period 7 - EE302 Electromagnetic Theory on 08-Oct-2026.
2026-10-08T15:22:17  [SMS to PARENT 8000000281]  Absent in period 7 | Your ward Rohan Shetty (281) was ABSENT in period 7 - EE302 Electromagnetic Theory on 08-Oct-2026.
2026-10-08T15:22:17  [EMAIL to ADVISOR geetha@college.edu]  EEE-III-A: absent in period 7 | EEE-III-A - Rohan Shetty (281) was ABSENT in period 7 - EE302 Electromagnetic Theory on 08-Oct-2026.
2026-10-08T15:22:17  [SMS to PARENT 8000000237]  Absent in period 2 | Your ward Harsha Natarajan (237) was ABSENT in period 2 - EE303 Electrical Machines I on 08-Oct-2026.
2026-10-08T15:22:17  [EMAIL to ADVISOR geetha@college.edu]  EEE-III-A: absent in period 2 | EEE-III-A - Harsha Natarajan (237) was ABSENT in period 2 - EE303 Electrical Machines I on 08-Oct-2026.
2026-10-08T15:22:17  [SMS to PARENT 8000000260]  Absent in period 2 | Your ward Surya Das (260) was ABSENT in period 2 - EE303 Electrical Machines I on 08-Oct-2026.
2026-10-08T15:22:17  [EMAIL to ADVISOR geetha@college.edu]  EEE-III-A: absent in period 2 | EEE-III-A - Surya Das (260) was ABSENT in period 2 - EE303 Electrical Machines I on 08-Oct-2026.
2026-10-08T15:22:17  [SMS to PARENT 8000000241]  Absent in period 8 | Your ward Rohan Sharma (241) was ABSENT in period 8 - EE303 Electrical Machines I on 08-Oct-2026.
2026-10-08T15:22:17  [EMAIL to ADVISOR geetha@college.edu]  EEE-III-A: absent in period 8 | EEE-III-A - Rohan Sharma (241) was ABSENT in period 8 - EE303 Electrical Machines I on 08-Oct-2026.
2026-10-08T15:22:17  [SMS to PARENT 8000000264]  Absent in period 8 | Your ward Aditya Naidu (264) was ABSENT in period 8 - EE303 Electrical Machines I on 08-Oct-2026.
2026-10-08T15:22:17  [EMAIL to ADVISOR geetha@college.edu]  EEE-III-A: absent in period 8 | EEE-III-A - Aditya Naidu (264) was ABSENT in period 8 - EE303 Electrical Machines I on 08-Oct-2026.
2026-10-08T15:22:17  [SMS to PARENT 8000000231]  Absent in period 1 | Your ward Janani Shetty (231) was ABSENT in period 1 - EE302 Electromagnetic Theory on 08-Oct-2026.
2026-10-08T15:22:17  [EMAIL to ADVISOR geetha@college.edu]  EEE-III-A: absent in period 1 | EEE-III-A - Janani Shetty (231) was ABSENT in period 1 - EE302 Electromagnetic Theory on 08-Oct-2026.
2026-10-08T15:22:17  [SMS to PARENT 8000000254]  Absent in period 1 | Your ward Lavanya Venkat (254) was ABSENT in period 1 - EE302 Electromagnetic Theory on 08-Oct-2026.
2026-10-08T15:22:17  [EMAIL to ADVISOR geetha@college.edu]  EEE-III-A: absent in period 1 | EEE-III-A - Lavanya Venkat (254) was ABSENT in period 1 - EE302 Electromagnetic Theory on 08-Oct-2026.
2026-10-08T15:22:17  [SMS to PARENT 8000000277]  Absent in period 1 | Your ward Harsha Gupta (277) was ABSENT in period 1 - EE302 Electromagnetic Theory on 08-Oct-2026.
2026-10-08T15:22:17  [EMAIL to ADVISOR geetha@college.edu]  EEE-III-A: absent in period 1 | EEE-III-A - Harsha Gupta (277) was ABSENT in period 1 - EE302 Electromagnetic Theory on 08-Oct-2026.
2026-10-08T15:22:17  [SMS to PARENT 8000000226]  Absent in period 4 | Your ward Bharath Menon (226) was ABSENT in period 4 - EE305 Measurements and Instrumentation on 08-Oct-2026.
2026-10-08T15:22:17  [EMAIL to ADVISOR geetha@college.edu]  EEE-III-A: absent in period 4 | EEE-III-A - Bharath Menon (226) was ABSENT in period 4 - EE305 Measurements and Instrumentation on 08-Oct-2026.
2026-10-08T15:22:17  [SMS to PARENT 8000000249]  Absent in period 4 | Your ward Gokul Kumar (249) was ABSENT in period 4 - EE305 Measurements and Instrumentation on 08-Oct-2026.
2026-10-08T15:22:17  [EMAIL to ADVISOR geetha@college.edu]  EEE-III-A: absent in period 4 | EEE-III-A - Gokul Kumar (249) was ABSENT in period 4 - EE305 Measurements and Instrumentation on 08-Oct-2026.
2026-10-08T15:22:17  [SMS to PARENT 8000000272]  Absent in period 4 | Your ward Hari Patel (272) was ABSENT in period 4 - EE305 Measurements and Instrumentation on 08-Oct-2026.
2026-10-08T15:22:17  [EMAIL to ADVISOR geetha@college.edu]  EEE-III-A: absent in period 4 | EEE-III-A - Hari Patel (272) was ABSENT in period 4 - EE305 Measurements and Instrumentation on 08-Oct-2026.
2026-10-08T15:22:17  [SMS to PARENT 8000000243]  Absent in period 3 | Your ward Naveen Rao (243) was ABSENT in period 3 - EE304 Analog Electronics on 08-Oct-2026.
2026-10-08T15:22:17  [EMAIL to ADVISOR geetha@college.edu]  EEE-III-A: absent in period 3 | EEE-III-A - Naveen Rao (243) was ABSENT in period 3 - EE304 Analog Electronics on 08-Oct-2026.
2026-10-08T15:22:17  [SMS to PARENT 8000000266]  Absent in period 3 | Your ward Bharath Sharma (266) was ABSENT in period 3 - EE304 Analog Electronics on 08-Oct-2026.
2026-10-08T15:22:17  [EMAIL to ADVISOR geetha@college.edu]  EEE-III-A: absent in period 3 | EEE-III-A - Bharath Sharma (266) was ABSENT in period 3 - EE304 Analog Electronics on 08-Oct-2026.
2026-10-08T15:22:17  [SMS to PARENT 8000000232]  Absent in period 5 | Your ward Hari Mohan (232) was ABSENT in period 5 - EE306 Power Generation on 08-Oct-2026.
2026-10-08T15:22:17  [EMAIL to ADVISOR geetha@college.edu]  EEE-III-A: absent in period 5 | EEE-III-A - Hari Mohan (232) was ABSENT in period 5 - EE306 Power Generation on 08-Oct-2026.
2026-10-08T15:22:17  [SMS to PARENT 8000000255]  Absent in period 5 | Your ward Manoj Bose (255) was ABSENT in period 5 - EE306 Power Generation on 08-Oct-2026.
2026-10-08T15:22:17  [EMAIL to ADVISOR geetha@college.edu]  EEE-III-A: absent in period 5 | EEE-III-A - Manoj Bose (255) was ABSENT in period 5 - EE306 Power Generation on 08-Oct-2026.
2026-10-08T15:22:17  [SMS to PARENT 8000000278]  Absent in period 5 | Your ward Praveen Subramanian (278) was ABSENT in period 5 - EE306 Power Generation on 08-Oct-2026.
2026-10-08T15:22:17  [EMAIL to ADVISOR geetha@college.edu]  EEE-III-A: absent in period 5 | EEE-III-A - Praveen Subramanian (278) was ABSENT in period 5 - EE306 Power Generation on 08-Oct-2026.
2026-10-08T15:22:17  [SMS to PARENT 8000000302]  Absent in period 2 | Your ward Esha Singh (302) was ABSENT in period 2 - ME303 Strength of Materials on 08-Oct-2026.
2026-10-08T15:22:17  [EMAIL to ADVISOR sangeetha@college.edu]  MECH-III-A: absent in period 2 | MECH-III-A - Esha Singh (302) was ABSENT in period 2 - ME303 Strength of Materials on 08-Oct-2026.
2026-10-08T15:22:17  [SMS to PARENT 8000000325]  Absent in period 2 | Your ward Gayathri Reddy (325) was ABSENT in period 2 - ME303 Strength of Materials on 08-Oct-2026.
2026-10-08T15:22:17  [EMAIL to ADVISOR sangeetha@college.edu]  MECH-III-A: absent in period 2 | MECH-III-A - Gayathri Reddy (325) was ABSENT in period 2 - ME303 Strength of Materials on 08-Oct-2026.
2026-10-08T15:22:17  [SMS to PARENT 8000000283]  Absent in period 8 | Your ward Naveen Nair (283) was ABSENT in period 8 - ME303 Strength of Materials on 08-Oct-2026.
2026-10-08T15:22:17  [EMAIL to ADVISOR sangeetha@college.edu]  MECH-III-A: absent in period 8 | MECH-III-A - Naveen Nair (283) was ABSENT in period 8 - ME303 Strength of Materials on 08-Oct-2026.
2026-10-08T15:22:17  [SMS to PARENT 8000000306]  Absent in period 8 | Your ward Bharath Joshi (306) was ABSENT in period 8 - ME303 Strength of Materials on 08-Oct-2026.
2026-10-08T15:22:17  [EMAIL to ADVISOR sangeetha@college.edu]  MECH-III-A: absent in period 8 | MECH-III-A - Bharath Joshi (306) was ABSENT in period 8 - ME303 Strength of Materials on 08-Oct-2026.
2026-10-08T15:22:17  [SMS to PARENT 8000000329]  Absent in period 8 | Your ward Gokul Chandran (329) was ABSENT in period 8 - ME303 Strength of Materials on 08-Oct-2026.
2026-10-08T15:22:17  [EMAIL to ADVISOR sangeetha@college.edu]  MECH-III-A: absent in period 8 | MECH-III-A - Gokul Chandran (329) was ABSENT in period 8 - ME303 Strength of Materials on 08-Oct-2026.
2026-10-08T15:22:17  [SMS to PARENT 8000000296]  Absent in period 1 | Your ward Charulatha Murthy (296) was ABSENT in period 1 - ME302 Fluid Mechanics on 08-Oct-2026.
2026-10-08T15:22:17  [EMAIL to ADVISOR sangeetha@college.edu]  MECH-III-A: absent in period 1 | MECH-III-A - Charulatha Murthy (296) was ABSENT in period 1 - ME302 Fluid Mechanics on 08-Oct-2026.
2026-10-08T15:22:17  [SMS to PARENT 8000000319]  Absent in period 1 | Your ward Divya Krishnan (319) was ABSENT in period 1 - ME302 Fluid Mechanics on 08-Oct-2026.
2026-10-08T15:22:17  [EMAIL to ADVISOR sangeetha@college.edu]  MECH-III-A: absent in period 1 | MECH-III-A - Divya Krishnan (319) was ABSENT in period 1 - ME302 Fluid Mechanics on 08-Oct-2026.
2026-10-08T15:22:17  [SMS to PARENT 8000000300]  Absent in period 7 | Your ward Surya Reddy (300) was ABSENT in period 7 - ME302 Fluid Mechanics on 08-Oct-2026.
2026-10-08T15:22:17  [EMAIL to ADVISOR sangeetha@college.edu]  MECH-III-A: absent in period 7 | MECH-III-A - Surya Reddy (300) was ABSENT in period 7 - ME302 Fluid Mechanics on 08-Oct-2026.
2026-10-08T15:22:17  [SMS to PARENT 8000000323]  Absent in period 7 | Your ward Naveen Varma (323) was ABSENT in period 7 - ME302 Fluid Mechanics on 08-Oct-2026.
2026-10-08T15:22:17  [EMAIL to ADVISOR sangeetha@college.edu]  MECH-III-A: absent in period 7 | MECH-III-A - Naveen Varma (323) was ABSENT in period 7 - ME302 Fluid Mechanics on 08-Oct-2026.
2026-10-08T15:22:17  [SMS to PARENT 8000000291]  Absent in period 4 | Your ward Jeeva Iyer (291) was ABSENT in period 4 - ME305 Engineering Metallurgy on 08-Oct-2026.
2026-10-08T15:22:17  [EMAIL to ADVISOR sangeetha@college.edu]  MECH-III-A: absent in period 4 | MECH-III-A - Jeeva Iyer (291) was ABSENT in period 4 - ME305 Engineering Metallurgy on 08-Oct-2026.
2026-10-08T15:22:17  [SMS to PARENT 8000000314]  Absent in period 4 | Your ward Keerthi Shetty (314) was ABSENT in period 4 - ME305 Engineering Metallurgy on 08-Oct-2026.
2026-10-08T15:22:17  [EMAIL to ADVISOR sangeetha@college.edu]  MECH-III-A: absent in period 4 | MECH-III-A - Keerthi Shetty (314) was ABSENT in period 4 - ME305 Engineering Metallurgy on 08-Oct-2026.
2026-10-08T15:22:17  [SMS to PARENT 8000000337]  Absent in period 4 | Your ward Madhu Venkat (337) was ABSENT in period 4 - ME305 Engineering Metallurgy on 08-Oct-2026.
2026-10-08T15:22:17  [EMAIL to ADVISOR sangeetha@college.edu]  MECH-III-A: absent in period 4 | MECH-III-A - Madhu Venkat (337) was ABSENT in period 4 - ME305 Engineering Metallurgy on 08-Oct-2026.
2026-10-08T15:22:17  [SMS to PARENT 8000000297]  Absent in period 5 | Your ward Madhu Naidu (297) was ABSENT in period 5 - ME306 Kinematics of Machinery on 08-Oct-2026.
2026-10-08T15:22:17  [EMAIL to ADVISOR sangeetha@college.edu]  MECH-III-A: absent in period 5 | MECH-III-A - Madhu Naidu (297) was ABSENT in period 5 - ME306 Kinematics of Machinery on 08-Oct-2026.
2026-10-08T15:22:17  [SMS to PARENT 8000000320]  Absent in period 5 | Your ward Aarav Natarajan (320) was ABSENT in period 5 - ME306 Kinematics of Machinery on 08-Oct-2026.
2026-10-08T15:22:17  [EMAIL to ADVISOR sangeetha@college.edu]  MECH-III-A: absent in period 5 | MECH-III-A - Aarav Natarajan (320) was ABSENT in period 5 - ME306 Kinematics of Machinery on 08-Oct-2026.
2026-10-08T15:22:17  [SMS to PARENT 8000000285]  Absent in period 3 | Your ward Gayathri Gupta (285) was ABSENT in period 3 - ME304 Manufacturing Technology I on 08-Oct-2026.
2026-10-08T15:22:17  [EMAIL to ADVISOR sangeetha@college.edu]  MECH-III-A: absent in period 3 | MECH-III-A - Gayathri Gupta (285) was ABSENT in period 3 - ME304 Manufacturing Technology I on 08-Oct-2026.
2026-10-08T15:22:17  [SMS to PARENT 8000000308]  Absent in period 3 | Your ward Indhu Nair (308) was ABSENT in period 3 - ME304 Manufacturing Technology I on 08-Oct-2026.
2026-10-08T15:22:17  [EMAIL to ADVISOR sangeetha@college.edu]  MECH-III-A: absent in period 3 | MECH-III-A - Indhu Nair (308) was ABSENT in period 3 - ME304 Manufacturing Technology I on 08-Oct-2026.
2026-10-08T15:22:17  [SMS to PARENT 8000000331]  Absent in period 3 | Your ward Jeeva Joshi (331) was ABSENT in period 3 - ME304 Manufacturing Technology I on 08-Oct-2026.
2026-10-08T15:22:17  [EMAIL to ADVISOR sangeetha@college.edu]  MECH-III-A: absent in period 3 | MECH-III-A - Jeeva Joshi (331) was ABSENT in period 3 - ME304 Manufacturing Technology I on 08-Oct-2026.
2026-10-08T15:41:06  [EMAIL to ADVISOR anitha@college.edu]  CSE-III-A - period 1 (CS304): 3 absent | Absentees in period 1 - CS304 Computer Organization on 08-Oct-2026 (3 of 60): Divya (#104), Karan Rao (#127), Ananya Sharma (#150)
2026-10-08T15:41:06  [EMAIL to ADVISOR anitha@college.edu]  CSE-III-A - period 7 (CS304): 3 absent | Absentees in period 7 - CS304 Computer Organization on 08-Oct-2026 (3 of 60): Divya (#104), Jeeva Patel (#131), Keerthi Raman (#154)
2026-10-08T15:41:06  [EMAIL to ADVISOR anitha@college.edu]  CSE-III-A - period 2 (CS305): 3 absent | Absentees in period 2 - CS305 Operating Systems on 08-Oct-2026 (3 of 60): Nisha (#110), Diya Kumar (#133), Meera Patel (#156)
2026-10-08T15:41:06  [EMAIL to ADVISOR anitha@college.edu]  CSE-III-A - period 8 (CS305): 3 absent | Absentees in period 8 - CS305 Operating Systems on 08-Oct-2026 (3 of 60): Keerthi Bose (#114), Madhu Subramanian (#137), Aarav Menon (#160)
2026-10-08T15:41:06  [EMAIL to ADVISOR harini@college.edu]  ECE-III-A - period 1 (EC302): 3 absent | Absentees in period 1 - EC302 Signals and Systems on 08-Oct-2026 (3 of 60): Arjun Kumar (#166), Sai Patel (#189), Reyansh Raman (#212)
2026-10-08T15:41:06  [EMAIL to ADVISOR harini@college.edu]  ECE-III-A - period 7 (EC302): 3 absent | Absentees in period 7 - EC302 Signals and Systems on 08-Oct-2026 (3 of 60): Abinaya Subramanian (#170), Bhavana Menon (#193), Charulatha Kumar (#216)
2026-10-08T15:41:06  [EMAIL to ADVISOR harini@college.edu]  ECE-III-A - period 2 (EC303): 3 absent | Absentees in period 2 - EC303 Electronic Circuits on 08-Oct-2026 (3 of 60): Reyansh Bose (#172), Krishna Subramanian (#195), Ishaan Menon (#218)
2026-10-08T15:41:06  [EMAIL to ADVISOR anitha@college.edu]  CSE-III-A - period 3 (CS306): 4 absent | Absentees in period 3 - CS306 Software Engineering on 08-Oct-2026 (4 of 60): Divya (#104), Meera Mohan (#116), Kavya Bose (#139), Nithya Subramanian (#162)
2026-10-08T15:41:06  [EMAIL to ADVISOR harini@college.edu]  ECE-III-A - period 3 (EC304): 2 absent | Absentees in period 3 - EC304 Network Analysis on 08-Oct-2026 (2 of 60): Ishaan Krishnan (#178), Rohan Pillai (#201)
2026-10-08T15:41:06  [EMAIL to ADVISOR harini@college.edu]  ECE-III-A - period 4 (EC305): 2 absent | Absentees in period 4 - EC305 Electromagnetic Fields on 08-Oct-2026 (2 of 60): Aditya Reddy (#184), Karan Varma (#207)
2026-10-08T15:41:06  [EMAIL to ADVISOR harini@college.edu]  ECE-III-A - period 8 (EC303): 3 absent | Absentees in period 8 - EC303 Electronic Circuits on 08-Oct-2026 (3 of 60): Charulatha Pillai (#176), Divya Mohan (#199), Esha Bose (#222)
2026-10-08T15:41:06  [EMAIL to ADVISOR harini@college.edu]  ECE-III-A - period 5 (EC306): 3 absent | Absentees in period 5 - EC306 Probability and Random Processes on 08-Oct-2026 (3 of 60): Karan Nair (#167), Ananya Joshi (#190), Diya Chandran (#213)
2026-10-08T15:41:06  [EMAIL to ADVISOR geetha@college.edu]  EEE-III-A - period 7 (EE302): 3 absent | Absentees in period 7 - EE302 Electromagnetic Theory on 08-Oct-2026 (3 of 60): Krishna Das (#235), Ishaan Iyer (#258), Rohan Shetty (#281)
2026-10-08T15:41:06  [EMAIL to ADVISOR geetha@college.edu]  EEE-III-A - period 2 (EE303): 2 absent | Absentees in period 2 - EE303 Electrical Machines I on 08-Oct-2026 (2 of 60): Harsha Natarajan (#237), Surya Das (#260)
2026-10-08T15:41:06  [EMAIL to ADVISOR geetha@college.edu]  EEE-III-A - period 8 (EE303): 2 absent | Absentees in period 8 - EE303 Electrical Machines I on 08-Oct-2026 (2 of 60): Rohan Sharma (#241), Aditya Naidu (#264)
2026-10-08T15:41:06  [EMAIL to ADVISOR geetha@college.edu]  EEE-III-A - period 1 (EE302): 3 absent | Absentees in period 1 - EE302 Electromagnetic Theory on 08-Oct-2026 (3 of 60): Janani Shetty (#231), Lavanya Venkat (#254), Harsha Gupta (#277)
2026-10-08T15:41:06  [EMAIL to ADVISOR geetha@college.edu]  EEE-III-A - period 4 (EE305): 3 absent | Absentees in period 4 - EE305 Measurements and Instrumentation on 08-Oct-2026 (3 of 60): Bharath Menon (#226), Gokul Kumar (#249), Hari Patel (#272)
2026-10-08T15:41:06  [EMAIL to ADVISOR geetha@college.edu]  EEE-III-A - period 3 (EE304): 2 absent | Absentees in period 3 - EE304 Analog Electronics on 08-Oct-2026 (2 of 60): Naveen Rao (#243), Bharath Sharma (#266)
2026-10-08T15:41:06  [EMAIL to ADVISOR geetha@college.edu]  EEE-III-A - period 5 (EE306): 3 absent | Absentees in period 5 - EE306 Power Generation on 08-Oct-2026 (3 of 60): Hari Mohan (#232), Manoj Bose (#255), Praveen Subramanian (#278)
2026-10-08T15:41:06  [EMAIL to ADVISOR sangeetha@college.edu]  MECH-III-A - period 2 (ME303): 2 absent | Absentees in period 2 - ME303 Strength of Materials on 08-Oct-2026 (2 of 60): Esha Singh (#302), Gayathri Reddy (#325)
2026-10-08T15:41:06  [EMAIL to ADVISOR sangeetha@college.edu]  MECH-III-A - period 8 (ME303): 3 absent | Absentees in period 8 - ME303 Strength of Materials on 08-Oct-2026 (3 of 60): Naveen Nair (#283), Bharath Joshi (#306), Gokul Chandran (#329)
2026-10-08T15:41:06  [EMAIL to ADVISOR sangeetha@college.edu]  MECH-III-A - period 1 (ME302): 2 absent | Absentees in period 1 - ME302 Fluid Mechanics on 08-Oct-2026 (2 of 60): Charulatha Murthy (#296), Divya Krishnan (#319)
2026-10-08T15:41:06  [EMAIL to ADVISOR sangeetha@college.edu]  MECH-III-A - period 7 (ME302): 2 absent | Absentees in period 7 - ME302 Fluid Mechanics on 08-Oct-2026 (2 of 60): Surya Reddy (#300), Naveen Varma (#323)
2026-10-08T15:41:06  [EMAIL to ADVISOR sangeetha@college.edu]  MECH-III-A - period 4 (ME305): 3 absent | Absentees in period 4 - ME305 Engineering Metallurgy on 08-Oct-2026 (3 of 60): Jeeva Iyer (#291), Keerthi Shetty (#314), Madhu Venkat (#337)
2026-10-08T15:41:06  [EMAIL to ADVISOR sangeetha@college.edu]  MECH-III-A - period 5 (ME306): 2 absent | Absentees in period 5 - ME306 Kinematics of Machinery on 08-Oct-2026 (2 of 60): Madhu Naidu (#297), Aarav Natarajan (#320)
2026-10-08T15:41:06  [EMAIL to ADVISOR sangeetha@college.edu]  MECH-III-A - period 3 (ME304): 3 absent | Absentees in period 3 - ME304 Manufacturing Technology I on 08-Oct-2026 (3 of 60): Gayathri Gupta (#285), Indhu Nair (#308), Jeeva Joshi (#331)
2026-10-08T15:44:17  [SMS to PARENT 8000000101]  Absent in period 1 | Your ward Rahul was ABSENT in period 1 - CS306 Software Engineering on 09-Oct-2026.
2026-10-08T15:44:17  [EMAIL to ADVISOR anitha@college.edu]  CSE-III-A - period 1 (CS306): 4 absent | Absentees in period 1 - CS306 Software Engineering on 09-Oct-2026 (4 of 6): Rahul (#101), Divya (#104), Ravi (#109), Nisha (#110)
2026-10-08T15:44:17  [SMS to PARENT 8000000104]  Absent in period 1 | Your ward Divya was ABSENT in period 1 - CS306 Software Engineering on 09-Oct-2026.
2026-10-08T15:44:17  [SMS to PARENT 8000000109]  Absent in period 1 | Your ward Ravi was ABSENT in period 1 - CS306 Software Engineering on 09-Oct-2026.
2026-10-08T15:44:17  [SMS to PARENT 8000000110]  Absent in period 1 | Your ward Nisha was ABSENT in period 1 - CS306 Software Engineering on 09-Oct-2026.
2026-10-08T15:52:13  [SMS to PARENT 8000000231]  Absent in period 1 | Your ward Janani Shetty was ABSENT in period 1 - EE302 Electromagnetic Theory on 08-Oct-2026.
2026-10-08T15:52:13  [SMS to PARENT 8000000254]  Absent in period 1 | Your ward Lavanya Venkat was ABSENT in period 1 - EE302 Electromagnetic Theory on 08-Oct-2026.
2026-10-08T15:52:13  [SMS to PARENT 8000000277]  Absent in period 1 | Your ward Harsha Gupta was ABSENT in period 1 - EE302 Electromagnetic Theory on 08-Oct-2026.
2026-10-08T15:52:13  [SMS to PARENT 8000000235]  Absent in period 7 | Your ward Krishna Das was ABSENT in period 7 - EE302 Electromagnetic Theory on 08-Oct-2026.
2026-10-08T15:52:13  [SMS to PARENT 8000000258]  Absent in period 7 | Your ward Ishaan Iyer was ABSENT in period 7 - EE302 Electromagnetic Theory on 08-Oct-2026.
2026-10-08T15:52:13  [SMS to PARENT 8000000281]  Absent in period 7 | Your ward Rohan Shetty was ABSENT in period 7 - EE302 Electromagnetic Theory on 08-Oct-2026.
2026-10-08T15:52:13  [SMS to PARENT 8000000184]  Absent in period 4 | Your ward Aditya Reddy was ABSENT in period 4 - EC305 Electromagnetic Fields on 08-Oct-2026.
2026-10-08T15:52:13  [SMS to PARENT 8000000207]  Absent in period 4 | Your ward Karan Varma was ABSENT in period 4 - EC305 Electromagnetic Fields on 08-Oct-2026.
2026-10-08T15:52:13  [SMS to PARENT 8000000167]  Absent in period 5 | Your ward Karan Nair was ABSENT in period 5 - EC306 Probability and Random Processes on 08-Oct-2026.
2026-10-08T15:52:13  [SMS to PARENT 8000000190]  Absent in period 5 | Your ward Ananya Joshi was ABSENT in period 5 - EC306 Probability and Random Processes on 08-Oct-2026.
2026-10-08T15:52:13  [SMS to PARENT 8000000213]  Absent in period 5 | Your ward Diya Chandran was ABSENT in period 5 - EC306 Probability and Random Processes on 08-Oct-2026.
2026-10-08T15:52:13  [SMS to PARENT 8000000165]  Absent in period 6 | Your ward Gayathri Joshi was ABSENT in period 6 - EC301 Digital Electronics on 08-Oct-2026.
2026-10-08T15:52:13  [SMS to PARENT 8000000188]  Absent in period 6 | Your ward Indhu Chandran was ABSENT in period 6 - EC301 Digital Electronics on 08-Oct-2026.
2026-10-08T15:52:13  [SMS to PARENT 8000000211]  Absent in period 6 | Your ward Jeeva Singh was ABSENT in period 6 - EC301 Digital Electronics on 08-Oct-2026.
2026-10-08T15:52:14  [SMS to PARENT 8000000226]  Absent in period 4 | Your ward Bharath Menon was ABSENT in period 4 - EE305 Measurements and Instrumentation on 08-Oct-2026.
2026-10-08T15:52:14  [SMS to PARENT 8000000249]  Absent in period 4 | Your ward Gokul Kumar was ABSENT in period 4 - EE305 Measurements and Instrumentation on 08-Oct-2026.
2026-10-08T15:52:14  [SMS to PARENT 8000000272]  Absent in period 4 | Your ward Hari Patel was ABSENT in period 4 - EE305 Measurements and Instrumentation on 08-Oct-2026.
2026-10-08T15:52:14  [SMS to PARENT 8000000232]  Absent in period 5 | Your ward Hari Mohan was ABSENT in period 5 - EE306 Power Generation on 08-Oct-2026.
2026-10-08T15:52:14  [SMS to PARENT 8000000255]  Absent in period 5 | Your ward Manoj Bose was ABSENT in period 5 - EE306 Power Generation on 08-Oct-2026.
2026-10-08T15:52:14  [SMS to PARENT 8000000278]  Absent in period 5 | Your ward Praveen Subramanian was ABSENT in period 5 - EE306 Power Generation on 08-Oct-2026.
2026-10-08T15:52:14  [SMS to PARENT 8000000237]  Absent in period 2 | Your ward Harsha Natarajan was ABSENT in period 2 - EE303 Electrical Machines I on 08-Oct-2026.
2026-10-08T15:52:14  [SMS to PARENT 8000000260]  Absent in period 2 | Your ward Surya Das was ABSENT in period 2 - EE303 Electrical Machines I on 08-Oct-2026.
2026-10-08T15:52:14  [SMS to PARENT 8000000241]  Absent in period 8 | Your ward Rohan Sharma was ABSENT in period 8 - EE303 Electrical Machines I on 08-Oct-2026.
2026-10-08T15:52:14  [SMS to PARENT 8000000264]  Absent in period 8 | Your ward Aditya Naidu was ABSENT in period 8 - EE303 Electrical Machines I on 08-Oct-2026.
2026-10-08T15:52:14  [SMS to PARENT 8000000243]  Absent in period 3 | Your ward Naveen Rao was ABSENT in period 3 - EE304 Analog Electronics on 08-Oct-2026.
2026-10-08T15:52:14  [SMS to PARENT 8000000266]  Absent in period 3 | Your ward Bharath Sharma was ABSENT in period 3 - EE304 Analog Electronics on 08-Oct-2026.
2026-10-08T15:52:14  [SMS to PARENT 8000000116]  Absent in period 3 | Your ward Meera Mohan was ABSENT in period 3 - CS306 Software Engineering on 08-Oct-2026.
2026-10-08T15:52:14  [SMS to PARENT 8000000139]  Absent in period 3 | Your ward Kavya Bose was ABSENT in period 3 - CS306 Software Engineering on 08-Oct-2026.
2026-10-08T15:52:14  [SMS to PARENT 8000000162]  Absent in period 3 | Your ward Nithya Subramanian was ABSENT in period 3 - CS306 Software Engineering on 08-Oct-2026.
2026-10-08T15:52:14  [SMS to PARENT 8000000104]  Absent in period 3 | Your ward Divya was ABSENT in period 3 - CS306 Software Engineering on 08-Oct-2026.
2026-10-08T15:52:14  [SMS to PARENT 8000000117]  Absent in period 4 | Your ward Harsha Iyer was ABSENT in period 4 - CS301 Data Structures on 08-Oct-2026.
2026-10-08T15:52:14  [SMS to PARENT 8000000140]  Absent in period 4 | Your ward Surya Shetty was ABSENT in period 4 - CS301 Data Structures on 08-Oct-2026.
2026-10-08T15:52:14  [SMS to PARENT 8000000163]  Absent in period 4 | Your ward Naveen Venkat was ABSENT in period 4 - CS301 Data Structures on 08-Oct-2026.
2026-10-08T15:52:14  [SMS to PARENT 8000000104]  Absent in period 4 | Your ward Divya was ABSENT in period 4 - CS301 Data Structures on 08-Oct-2026.
2026-10-08T15:52:14  [SMS to PARENT 8000000127]  Absent in period 1 | Your ward Karan Rao was ABSENT in period 1 - CS304 Computer Organization on 08-Oct-2026.
2026-10-08T15:52:14  [SMS to PARENT 8000000150]  Absent in period 1 | Your ward Ananya Sharma was ABSENT in period 1 - CS304 Computer Organization on 08-Oct-2026.
2026-10-08T15:52:14  [SMS to PARENT 8000000104]  Absent in period 1 | Your ward Divya was ABSENT in period 1 - CS304 Computer Organization on 08-Oct-2026.
2026-10-08T15:52:14  [SMS to PARENT 8000000131]  Absent in period 7 | Your ward Jeeva Patel was ABSENT in period 7 - CS304 Computer Organization on 08-Oct-2026.
2026-10-08T15:52:14  [SMS to PARENT 8000000154]  Absent in period 7 | Your ward Keerthi Raman was ABSENT in period 7 - CS304 Computer Organization on 08-Oct-2026.
2026-10-08T15:52:14  [SMS to PARENT 8000000104]  Absent in period 7 | Your ward Divya was ABSENT in period 7 - CS304 Computer Organization on 08-Oct-2026.
2026-10-08T15:52:14  [SMS to PARENT 8000000133]  Absent in period 2 | Your ward Diya Kumar was ABSENT in period 2 - CS305 Operating Systems on 08-Oct-2026.
2026-10-08T15:52:14  [SMS to PARENT 8000000156]  Absent in period 2 | Your ward Meera Patel was ABSENT in period 2 - CS305 Operating Systems on 08-Oct-2026.
2026-10-08T15:52:14  [SMS to PARENT 8000000110]  Absent in period 2 | Your ward Nisha was ABSENT in period 2 - CS305 Operating Systems on 08-Oct-2026.
2026-10-08T15:52:14  [SMS to PARENT 8000000114]  Absent in period 8 | Your ward Keerthi Bose was ABSENT in period 8 - CS305 Operating Systems on 08-Oct-2026.
2026-10-08T15:52:14  [SMS to PARENT 8000000137]  Absent in period 8 | Your ward Madhu Subramanian was ABSENT in period 8 - CS305 Operating Systems on 08-Oct-2026.
2026-10-08T15:52:14  [SMS to PARENT 8000000160]  Absent in period 8 | Your ward Aarav Menon was ABSENT in period 8 - CS305 Operating Systems on 08-Oct-2026.
2026-10-08T15:52:14  [SMS to PARENT 8000000172]  Absent in period 2 | Your ward Reyansh Bose was ABSENT in period 2 - EC303 Electronic Circuits on 08-Oct-2026.
2026-10-08T15:52:14  [SMS to PARENT 8000000195]  Absent in period 2 | Your ward Krishna Subramanian was ABSENT in period 2 - EC303 Electronic Circuits on 08-Oct-2026.
2026-10-08T15:52:14  [SMS to PARENT 8000000218]  Absent in period 2 | Your ward Ishaan Menon was ABSENT in period 2 - EC303 Electronic Circuits on 08-Oct-2026.
2026-10-08T15:52:14  [SMS to PARENT 8000000176]  Absent in period 8 | Your ward Charulatha Pillai was ABSENT in period 8 - EC303 Electronic Circuits on 08-Oct-2026.
2026-10-08T15:52:14  [SMS to PARENT 8000000199]  Absent in period 8 | Your ward Divya Mohan was ABSENT in period 8 - EC303 Electronic Circuits on 08-Oct-2026.
2026-10-08T15:52:14  [SMS to PARENT 8000000222]  Absent in period 8 | Your ward Esha Bose was ABSENT in period 8 - EC303 Electronic Circuits on 08-Oct-2026.
2026-10-08T15:52:14  [SMS to PARENT 8000000178]  Absent in period 3 | Your ward Ishaan Krishnan was ABSENT in period 3 - EC304 Network Analysis on 08-Oct-2026.
2026-10-08T15:52:14  [SMS to PARENT 8000000201]  Absent in period 3 | Your ward Rohan Pillai was ABSENT in period 3 - EC304 Network Analysis on 08-Oct-2026.
2026-10-08T15:52:14  [SMS to PARENT 8000000123]  Absent in period 5 | Your ward Naveen Naidu was ABSENT in period 5 - CS302 Database Management Systems on 08-Oct-2026.
2026-10-08T15:52:14  [SMS to PARENT 8000000146]  Absent in period 5 | Your ward Bharath Natarajan was ABSENT in period 5 - CS302 Database Management Systems on 08-Oct-2026.
2026-10-08T15:52:14  [SMS to PARENT 8000000129]  Absent in period 6 | Your ward Gokul Raman was ABSENT in period 6 - CS303 Object Oriented Programming (Java) on 08-Oct-2026.
2026-10-08T15:52:14  [SMS to PARENT 8000000152]  Absent in period 6 | Your ward Hari Rao was ABSENT in period 6 - CS303 Object Oriented Programming (Java) on 08-Oct-2026.
2026-10-08T15:52:14  [SMS to PARENT 8000000104]  Absent in period 6 | Your ward Divya was ABSENT in period 6 - CS303 Object Oriented Programming (Java) on 08-Oct-2026.
2026-10-08T15:52:14  [SMS to PARENT 8000000166]  Absent in period 1 | Your ward Arjun Kumar was ABSENT in period 1 - EC302 Signals and Systems on 08-Oct-2026.
2026-10-08T15:52:14  [SMS to PARENT 8000000189]  Absent in period 1 | Your ward Sai Patel was ABSENT in period 1 - EC302 Signals and Systems on 08-Oct-2026.
2026-10-08T15:52:14  [SMS to PARENT 8000000212]  Absent in period 1 | Your ward Reyansh Raman was ABSENT in period 1 - EC302 Signals and Systems on 08-Oct-2026.
2026-10-08T15:52:14  [SMS to PARENT 8000000170]  Absent in period 7 | Your ward Abinaya Subramanian was ABSENT in period 7 - EC302 Signals and Systems on 08-Oct-2026.
2026-10-08T15:52:14  [SMS to PARENT 8000000193]  Absent in period 7 | Your ward Bhavana Menon was ABSENT in period 7 - EC302 Signals and Systems on 08-Oct-2026.
2026-10-08T15:52:14  [SMS to PARENT 8000000216]  Absent in period 7 | Your ward Charulatha Kumar was ABSENT in period 7 - EC302 Signals and Systems on 08-Oct-2026.
2026-10-08T15:52:14  [SMS to PARENT 8000000296]  Absent in period 1 | Your ward Charulatha Murthy was ABSENT in period 1 - ME302 Fluid Mechanics on 08-Oct-2026.
2026-10-08T15:52:14  [SMS to PARENT 8000000319]  Absent in period 1 | Your ward Divya Krishnan was ABSENT in period 1 - ME302 Fluid Mechanics on 08-Oct-2026.
2026-10-08T15:52:14  [SMS to PARENT 8000000300]  Absent in period 7 | Your ward Surya Reddy was ABSENT in period 7 - ME302 Fluid Mechanics on 08-Oct-2026.
2026-10-08T15:52:14  [SMS to PARENT 8000000323]  Absent in period 7 | Your ward Naveen Varma was ABSENT in period 7 - ME302 Fluid Mechanics on 08-Oct-2026.
2026-10-08T15:52:14  [SMS to PARENT 8000000302]  Absent in period 2 | Your ward Esha Singh was ABSENT in period 2 - ME303 Strength of Materials on 08-Oct-2026.
2026-10-08T15:52:14  [SMS to PARENT 8000000325]  Absent in period 2 | Your ward Gayathri Reddy was ABSENT in period 2 - ME303 Strength of Materials on 08-Oct-2026.
2026-10-08T15:52:14  [SMS to PARENT 8000000283]  Absent in period 8 | Your ward Naveen Nair was ABSENT in period 8 - ME303 Strength of Materials on 08-Oct-2026.
2026-10-08T15:52:14  [SMS to PARENT 8000000306]  Absent in period 8 | Your ward Bharath Joshi was ABSENT in period 8 - ME303 Strength of Materials on 08-Oct-2026.
2026-10-08T15:52:14  [SMS to PARENT 8000000329]  Absent in period 8 | Your ward Gokul Chandran was ABSENT in period 8 - ME303 Strength of Materials on 08-Oct-2026.
2026-10-08T15:52:14  [SMS to PARENT 8000000224]  Absent in period 6 | Your ward Aditya Kumar was ABSENT in period 6 - EE301 Circuit Theory on 08-Oct-2026.
2026-10-08T15:52:14  [SMS to PARENT 8000000247]  Absent in period 6 | Your ward Karan Patel was ABSENT in period 6 - EE301 Circuit Theory on 08-Oct-2026.
2026-10-08T15:52:14  [SMS to PARENT 8000000270]  Absent in period 6 | Your ward Ananya Raman was ABSENT in period 6 - EE301 Circuit Theory on 08-Oct-2026.
2026-10-08T15:52:14  [SMS to PARENT 8000000285]  Absent in period 3 | Your ward Gayathri Gupta was ABSENT in period 3 - ME304 Manufacturing Technology I on 08-Oct-2026.
2026-10-08T15:52:14  [SMS to PARENT 8000000308]  Absent in period 3 | Your ward Indhu Nair was ABSENT in period 3 - ME304 Manufacturing Technology I on 08-Oct-2026.
2026-10-08T15:52:14  [SMS to PARENT 8000000331]  Absent in period 3 | Your ward Jeeva Joshi was ABSENT in period 3 - ME304 Manufacturing Technology I on 08-Oct-2026.
2026-10-08T15:52:14  [SMS to PARENT 8000000291]  Absent in period 4 | Your ward Jeeva Iyer was ABSENT in period 4 - ME305 Engineering Metallurgy on 08-Oct-2026.
2026-10-08T15:52:14  [SMS to PARENT 8000000314]  Absent in period 4 | Your ward Keerthi Shetty was ABSENT in period 4 - ME305 Engineering Metallurgy on 08-Oct-2026.
2026-10-08T15:52:14  [SMS to PARENT 8000000337]  Absent in period 4 | Your ward Madhu Venkat was ABSENT in period 4 - ME305 Engineering Metallurgy on 08-Oct-2026.
2026-10-08T15:52:14  [SMS to PARENT 8000000283]  Absent in period 6 | Your ward Naveen Nair was ABSENT in period 6 - ME301 Thermodynamics on 08-Oct-2026.
2026-10-08T15:52:14  [SMS to PARENT 8000000306]  Absent in period 6 | Your ward Bharath Joshi was ABSENT in period 6 - ME301 Thermodynamics on 08-Oct-2026.
2026-10-08T15:52:14  [SMS to PARENT 8000000329]  Absent in period 6 | Your ward Gokul Chandran was ABSENT in period 6 - ME301 Thermodynamics on 08-Oct-2026.
2026-10-08T15:52:14  [SMS to PARENT 8000000297]  Absent in period 5 | Your ward Madhu Naidu was ABSENT in period 5 - ME306 Kinematics of Machinery on 08-Oct-2026.
2026-10-08T15:52:14  [SMS to PARENT 8000000320]  Absent in period 5 | Your ward Aarav Natarajan was ABSENT in period 5 - ME306 Kinematics of Machinery on 08-Oct-2026.
2026-10-08T15:52:14  [EMAIL to ADVISOR geetha@college.edu]  EEE-III-A - period 1 (EE302): 3 absent | Absentees in period 1 - EE302 Electromagnetic Theory on 08-Oct-2026 (3 of 60): Janani Shetty (#231), Lavanya Venkat (#254), Harsha Gupta (#277)
2026-10-08T15:52:14  [EMAIL to ADVISOR geetha@college.edu]  EEE-III-A - period 7 (EE302): 3 absent | Absentees in period 7 - EE302 Electromagnetic Theory on 08-Oct-2026 (3 of 60): Krishna Das (#235), Ishaan Iyer (#258), Rohan Shetty (#281)
2026-10-08T15:52:14  [EMAIL to ADVISOR harini@college.edu]  ECE-III-A - period 4 (EC305): 2 absent | Absentees in period 4 - EC305 Electromagnetic Fields on 08-Oct-2026 (2 of 60): Aditya Reddy (#184), Karan Varma (#207)
2026-10-08T15:52:14  [EMAIL to ADVISOR harini@college.edu]  ECE-III-A - period 5 (EC306): 3 absent | Absentees in period 5 - EC306 Probability and Random Processes on 08-Oct-2026 (3 of 60): Karan Nair (#167), Ananya Joshi (#190), Diya Chandran (#213)
2026-10-08T15:52:14  [EMAIL to ADVISOR harini@college.edu]  ECE-III-A - period 6 (EC301): 3 absent | Absentees in period 6 - EC301 Digital Electronics on 08-Oct-2026 (3 of 60): Gayathri Joshi (#165), Indhu Chandran (#188), Jeeva Singh (#211)
2026-10-08T15:52:14  [EMAIL to ADVISOR geetha@college.edu]  EEE-III-A - period 4 (EE305): 3 absent | Absentees in period 4 - EE305 Measurements and Instrumentation on 08-Oct-2026 (3 of 60): Bharath Menon (#226), Gokul Kumar (#249), Hari Patel (#272)
2026-10-08T15:52:14  [EMAIL to ADVISOR geetha@college.edu]  EEE-III-A - period 5 (EE306): 3 absent | Absentees in period 5 - EE306 Power Generation on 08-Oct-2026 (3 of 60): Hari Mohan (#232), Manoj Bose (#255), Praveen Subramanian (#278)
2026-10-08T15:52:14  [EMAIL to ADVISOR geetha@college.edu]  EEE-III-A - period 2 (EE303): 2 absent | Absentees in period 2 - EE303 Electrical Machines I on 08-Oct-2026 (2 of 60): Harsha Natarajan (#237), Surya Das (#260)
2026-10-08T15:52:14  [EMAIL to ADVISOR geetha@college.edu]  EEE-III-A - period 8 (EE303): 2 absent | Absentees in period 8 - EE303 Electrical Machines I on 08-Oct-2026 (2 of 60): Rohan Sharma (#241), Aditya Naidu (#264)
2026-10-08T15:52:14  [EMAIL to ADVISOR geetha@college.edu]  EEE-III-A - period 3 (EE304): 2 absent | Absentees in period 3 - EE304 Analog Electronics on 08-Oct-2026 (2 of 60): Naveen Rao (#243), Bharath Sharma (#266)
2026-10-08T15:52:14  [EMAIL to ADVISOR anitha@college.edu]  CSE-III-A - period 3 (CS306): 4 absent | Absentees in period 3 - CS306 Software Engineering on 08-Oct-2026 (4 of 60): Divya (#104), Meera Mohan (#116), Kavya Bose (#139), Nithya Subramanian (#162)
2026-10-08T15:52:14  [EMAIL to ADVISOR anitha@college.edu]  CSE-III-A - period 4 (CS301): 4 absent | Absentees in period 4 - CS301 Data Structures on 08-Oct-2026 (4 of 60): Divya (#104), Harsha Iyer (#117), Surya Shetty (#140), Naveen Venkat (#163)
2026-10-08T15:52:14  [EMAIL to ADVISOR anitha@college.edu]  CSE-III-A - period 1 (CS304): 3 absent | Absentees in period 1 - CS304 Computer Organization on 08-Oct-2026 (3 of 60): Divya (#104), Karan Rao (#127), Ananya Sharma (#150)
2026-10-08T15:52:14  [EMAIL to ADVISOR anitha@college.edu]  CSE-III-A - period 7 (CS304): 3 absent | Absentees in period 7 - CS304 Computer Organization on 08-Oct-2026 (3 of 60): Divya (#104), Jeeva Patel (#131), Keerthi Raman (#154)
2026-10-08T15:52:14  [EMAIL to ADVISOR anitha@college.edu]  CSE-III-A - period 2 (CS305): 3 absent | Absentees in period 2 - CS305 Operating Systems on 08-Oct-2026 (3 of 60): Nisha (#110), Diya Kumar (#133), Meera Patel (#156)
2026-10-08T15:52:14  [EMAIL to ADVISOR anitha@college.edu]  CSE-III-A - period 8 (CS305): 3 absent | Absentees in period 8 - CS305 Operating Systems on 08-Oct-2026 (3 of 60): Keerthi Bose (#114), Madhu Subramanian (#137), Aarav Menon (#160)
2026-10-08T15:52:14  [EMAIL to ADVISOR harini@college.edu]  ECE-III-A - period 2 (EC303): 3 absent | Absentees in period 2 - EC303 Electronic Circuits on 08-Oct-2026 (3 of 60): Reyansh Bose (#172), Krishna Subramanian (#195), Ishaan Menon (#218)
2026-10-08T15:52:14  [EMAIL to ADVISOR harini@college.edu]  ECE-III-A - period 8 (EC303): 3 absent | Absentees in period 8 - EC303 Electronic Circuits on 08-Oct-2026 (3 of 60): Charulatha Pillai (#176), Divya Mohan (#199), Esha Bose (#222)
2026-10-08T15:52:14  [EMAIL to ADVISOR harini@college.edu]  ECE-III-A - period 3 (EC304): 2 absent | Absentees in period 3 - EC304 Network Analysis on 08-Oct-2026 (2 of 60): Ishaan Krishnan (#178), Rohan Pillai (#201)
2026-10-08T15:52:14  [EMAIL to ADVISOR anitha@college.edu]  CSE-III-A - period 5 (CS302): 2 absent | Absentees in period 5 - CS302 Database Management Systems on 08-Oct-2026 (2 of 60): Naveen Naidu (#123), Bharath Natarajan (#146)
2026-10-08T15:52:14  [EMAIL to ADVISOR anitha@college.edu]  CSE-III-A - period 6 (CS303): 3 absent | Absentees in period 6 - CS303 Object Oriented Programming (Java) on 08-Oct-2026 (3 of 60): Divya (#104), Gokul Raman (#129), Hari Rao (#152)
2026-10-08T15:52:14  [EMAIL to ADVISOR harini@college.edu]  ECE-III-A - period 1 (EC302): 3 absent | Absentees in period 1 - EC302 Signals and Systems on 08-Oct-2026 (3 of 60): Arjun Kumar (#166), Sai Patel (#189), Reyansh Raman (#212)
2026-10-08T15:52:14  [EMAIL to ADVISOR harini@college.edu]  ECE-III-A - period 7 (EC302): 3 absent | Absentees in period 7 - EC302 Signals and Systems on 08-Oct-2026 (3 of 60): Abinaya Subramanian (#170), Bhavana Menon (#193), Charulatha Kumar (#216)
2026-10-08T15:52:14  [EMAIL to ADVISOR sangeetha@college.edu]  MECH-III-A - period 1 (ME302): 2 absent | Absentees in period 1 - ME302 Fluid Mechanics on 08-Oct-2026 (2 of 60): Charulatha Murthy (#296), Divya Krishnan (#319)
2026-10-08T15:52:14  [EMAIL to ADVISOR sangeetha@college.edu]  MECH-III-A - period 7 (ME302): 2 absent | Absentees in period 7 - ME302 Fluid Mechanics on 08-Oct-2026 (2 of 60): Surya Reddy (#300), Naveen Varma (#323)
2026-10-08T15:52:14  [EMAIL to ADVISOR sangeetha@college.edu]  MECH-III-A - period 2 (ME303): 2 absent | Absentees in period 2 - ME303 Strength of Materials on 08-Oct-2026 (2 of 60): Esha Singh (#302), Gayathri Reddy (#325)
2026-10-08T15:52:14  [EMAIL to ADVISOR sangeetha@college.edu]  MECH-III-A - period 8 (ME303): 3 absent | Absentees in period 8 - ME303 Strength of Materials on 08-Oct-2026 (3 of 60): Naveen Nair (#283), Bharath Joshi (#306), Gokul Chandran (#329)
2026-10-08T15:52:14  [EMAIL to ADVISOR geetha@college.edu]  EEE-III-A - period 6 (EE301): 3 absent | Absentees in period 6 - EE301 Circuit Theory on 08-Oct-2026 (3 of 60): Aditya Kumar (#224), Karan Patel (#247), Ananya Raman (#270)
2026-10-08T15:52:14  [EMAIL to ADVISOR sangeetha@college.edu]  MECH-III-A - period 3 (ME304): 3 absent | Absentees in period 3 - ME304 Manufacturing Technology I on 08-Oct-2026 (3 of 60): Gayathri Gupta (#285), Indhu Nair (#308), Jeeva Joshi (#331)
2026-10-08T15:52:14  [EMAIL to ADVISOR sangeetha@college.edu]  MECH-III-A - period 4 (ME305): 3 absent | Absentees in period 4 - ME305 Engineering Metallurgy on 08-Oct-2026 (3 of 60): Jeeva Iyer (#291), Keerthi Shetty (#314), Madhu Venkat (#337)
2026-10-08T15:52:14  [EMAIL to ADVISOR sangeetha@college.edu]  MECH-III-A - period 6 (ME301): 3 absent | Absentees in period 6 - ME301 Thermodynamics on 08-Oct-2026 (3 of 60): Naveen Nair (#283), Bharath Joshi (#306), Gokul Chandran (#329)
2026-10-08T15:52:14  [EMAIL to ADVISOR sangeetha@college.edu]  MECH-III-A - period 5 (ME306): 2 absent | Absentees in period 5 - ME306 Kinematics of Machinery on 08-Oct-2026 (2 of 60): Madhu Naidu (#297), Aarav Natarajan (#320)
2026-10-08T15:52:23  [SMS to PARENT 8000000101]  Absent in period 1 | Your ward Rahul was ABSENT in period 1 - CS306 Software Engineering on 09-Oct-2026.
2026-10-08T15:52:23  [EMAIL to ADVISOR anitha@college.edu]  CSE-III-A - period 1 (CS306): 4 absent | Absentees in period 1 - CS306 Software Engineering on 09-Oct-2026 (4 of 6): Rahul (#101), Divya (#104), Ravi (#109), Nisha (#110)
2026-10-08T15:52:23  [SMS to PARENT 8000000104]  Absent in period 1 | Your ward Divya was ABSENT in period 1 - CS306 Software Engineering on 09-Oct-2026.
2026-10-08T15:52:23  [SMS to PARENT 8000000109]  Absent in period 1 | Your ward Ravi was ABSENT in period 1 - CS306 Software Engineering on 09-Oct-2026.
2026-10-08T15:52:23  [SMS to PARENT 8000000110]  Absent in period 1 | Your ward Nisha was ABSENT in period 1 - CS306 Software Engineering on 09-Oct-2026.
2026-10-08T15:52:24  [SMS to PARENT 8000000101]  Absent in period 2 | Your ward Rahul was ABSENT in period 2 - CS301 Data Structures on 09-Oct-2026.
2026-10-08T15:52:24  [EMAIL to ADVISOR anitha@college.edu]  CSE-III-A - period 2 (CS301): 3 absent | Absentees in period 2 - CS301 Data Structures on 09-Oct-2026 (3 of 5): Rahul (#101), Divya (#104), Ravi (#109)
2026-10-08T15:52:24  [SMS to PARENT 8000000104]  Absent in period 2 | Your ward Divya was ABSENT in period 2 - CS301 Data Structures on 09-Oct-2026.
2026-10-08T15:52:24  [SMS to PARENT 8000000109]  Absent in period 2 | Your ward Ravi was ABSENT in period 2 - CS301 Data Structures on 09-Oct-2026.
2026-10-08T15:52:24  [SMS to PARENT 8000000104]  Absent in period 3 | Your ward Divya was ABSENT in period 3 - CS302 Database Management Systems on 09-Oct-2026.
2026-10-08T15:52:24  [EMAIL to ADVISOR anitha@college.edu]  CSE-III-A - period 3 (CS302): 1 absent | Absentees in period 3 - CS302 Database Management Systems on 09-Oct-2026 (1 of 4): Divya (#104)
2026-10-08T16:03:56  [SMS to PARENT 8000000101]  Absent in period 1 | Your ward Rahul was ABSENT in period 1 - CS304 Computer Organization on 12-Oct-2026.
2026-10-08T16:03:56  [EMAIL to ADVISOR anitha@college.edu]  CSE-III-A - period 1 (CS304): 4 absent | Absentees in period 1 - CS304 Computer Organization on 12-Oct-2026 (4 of 6): Rahul (#101), Divya (#104), Ravi (#109), Nisha (#110)
2026-10-08T16:03:56  [SMS to PARENT 8000000104]  Absent in period 1 | Your ward Divya was ABSENT in period 1 - CS304 Computer Organization on 12-Oct-2026.
2026-10-08T16:03:56  [SMS to PARENT 8000000109]  Absent in period 1 | Your ward Ravi was ABSENT in period 1 - CS304 Computer Organization on 12-Oct-2026.
2026-10-08T16:03:56  [SMS to PARENT 8000000110]  Absent in period 1 | Your ward Nisha was ABSENT in period 1 - CS304 Computer Organization on 12-Oct-2026.
2026-10-08T16:03:56  [SMS to PARENT 8000000101]  Absent in period 2 | Your ward Rahul was ABSENT in period 2 - CS305 Operating Systems on 12-Oct-2026.
2026-10-08T16:03:56  [EMAIL to ADVISOR anitha@college.edu]  CSE-III-A - period 2 (CS305): 3 absent | Absentees in period 2 - CS305 Operating Systems on 12-Oct-2026 (3 of 5): Rahul (#101), Divya (#104), Ravi (#109)
2026-10-08T16:03:56  [SMS to PARENT 8000000104]  Absent in period 2 | Your ward Divya was ABSENT in period 2 - CS305 Operating Systems on 12-Oct-2026.
2026-10-08T16:03:56  [SMS to PARENT 8000000109]  Absent in period 2 | Your ward Ravi was ABSENT in period 2 - CS305 Operating Systems on 12-Oct-2026.
2026-10-08T16:03:56  [SMS to PARENT 8000000104]  Absent in period 3 | Your ward Divya was ABSENT in period 3 - CS306 Software Engineering on 12-Oct-2026.
2026-10-08T16:03:56  [EMAIL to ADVISOR anitha@college.edu]  CSE-III-A - period 3 (CS306): 1 absent | Absentees in period 3 - CS306 Software Engineering on 12-Oct-2026 (1 of 4): Divya (#104)
2026-10-08T16:13:18  [EMAIL to ADVISOR anitha@college.edu]  CSE-III-A - period 3 (CS306): 2 absent | Absentees in period 3 - CS306 Software Engineering on 12-Oct-2026 (2 of 60): Rahul (#101), Divya (#104)
2026-10-08T16:13:18  [SMS to PARENT 8000000101]  Absent in period 3 | Your ward Rahul was ABSENT in period 3 - CS306 Software Engineering on 12-Oct-2026.
2026-10-08T16:13:40  [EMAIL to ADVISOR anitha@college.edu]  CSE-III-A - period 2 (CS305): 2 absent | Absentees in period 2 - CS305 Operating Systems on 12-Oct-2026 (2 of 60): Divya (#104), Ravi (#109)
2026-10-08T16:13:40  [EMAIL to ADVISOR anitha@college.edu]  CSE-III-A - period 3 (CS306): 1 absent | Absentees in period 3 - CS306 Software Engineering on 12-Oct-2026 (1 of 60): Divya (#104)
2026-10-08T16:13:58  [EMAIL to ADVISOR anitha@college.edu]  CSE-III-A - period 2 (CS305): 3 absent | Absentees in period 2 - CS305 Operating Systems on 12-Oct-2026 (3 of 60): Rahul (#101), Divya (#104), Ravi (#109)
2026-10-08T16:13:58  [EMAIL to ADVISOR anitha@college.edu]  CSE-III-A - period 3 (CS306): 2 absent | Absentees in period 3 - CS306 Software Engineering on 12-Oct-2026 (2 of 60): Rahul (#101), Divya (#104)
2026-10-08T16:14:22  [EMAIL to ADVISOR anitha@college.edu]  CSE-III-A - period 3 (CS306): 4 absent | Absentees in period 3 - CS306 Software Engineering on 12-Oct-2026 (4 of 60): Rahul (#101), Priya (#102), Arun (#103), Divya (#104)
2026-10-08T16:14:22  [SMS to PARENT 8000000102]  Absent in period 3 | Your ward Priya was ABSENT in period 3 - CS306 Software Engineering on 12-Oct-2026.
2026-10-08T16:14:22  [SMS to PARENT 8000000103]  Absent in period 3 | Your ward Arun was ABSENT in period 3 - CS306 Software Engineering on 12-Oct-2026.
2026-10-08T16:14:25  [EMAIL to ADVISOR anitha@college.edu]  CSE-III-A - period 3 (CS306): 6 absent | Absentees in period 3 - CS306 Software Engineering on 12-Oct-2026 (6 of 60): Rahul (#101), Priya (#102), Arun (#103), Divya (#104), Ravi (#109), Nisha (#110)
2026-10-08T16:14:25  [SMS to PARENT 8000000109]  Absent in period 3 | Your ward Ravi was ABSENT in period 3 - CS306 Software Engineering on 12-Oct-2026.
2026-10-08T16:14:25  [SMS to PARENT 8000000110]  Absent in period 3 | Your ward Nisha was ABSENT in period 3 - CS306 Software Engineering on 12-Oct-2026.
2026-10-08T16:14:28  [EMAIL to ADVISOR anitha@college.edu]  CSE-III-A - period 3 (CS306): 8 absent | Absentees in period 3 - CS306 Software Engineering on 12-Oct-2026 (8 of 60): Rahul (#101), Priya (#102), Arun (#103), Divya (#104), Ravi (#109), Nisha (#110), Hari Subramanian (#112), Bhavana Venkat (#113)
2026-10-08T16:14:28  [SMS to PARENT 8000000112]  Absent in period 3 | Your ward Hari Subramanian was ABSENT in period 3 - CS306 Software Engineering on 12-Oct-2026.
2026-10-08T16:14:28  [SMS to PARENT 8000000113]  Absent in period 3 | Your ward Bhavana Venkat was ABSENT in period 3 - CS306 Software Engineering on 12-Oct-2026.
2026-10-08T16:14:49  [EMAIL to ADVISOR anitha@college.edu]  CSE-III-A - period 3 (CS306): 9 absent | Absentees in period 3 - CS306 Software Engineering on 12-Oct-2026 (9 of 60): Rahul (#101), Priya (#102), Arun (#103), Divya (#104), Ravi (#109), Nisha (#110), Janani Gupta (#111), Hari Subramanian (#112), Bhavana Venkat (#113)
2026-10-08T16:14:49  [SMS to PARENT 8000000111]  Absent in period 3 | Your ward Janani Gupta was ABSENT in period 3 - CS306 Software Engineering on 12-Oct-2026.
2026-10-08T16:15:07  [EMAIL to ADVISOR anitha@college.edu]  CSE-III-A - period 3 (CS306): 13 absent | Absentees in period 3 - CS306 Software Engineering on 12-Oct-2026 (13 of 60): Rahul (#101), Priya (#102), Arun (#103), Divya (#104), Ravi (#109), Nisha (#110), Janani Gupta (#111), Hari Subramanian (#112), Bhavana Venkat (#113), Keerthi Bose (#114), Krishna Shetty (#115), Meera Mohan (#116), Harsha Iyer (#117)
2026-10-08T16:15:07  [SMS to PARENT 8000000114]  Absent in period 3 | Your ward Keerthi Bose was ABSENT in period 3 - CS306 Software Engineering on 12-Oct-2026.
2026-10-08T16:15:07  [SMS to PARENT 8000000115]  Absent in period 3 | Your ward Krishna Shetty was ABSENT in period 3 - CS306 Software Engineering on 12-Oct-2026.
2026-10-08T16:15:07  [SMS to PARENT 8000000116]  Absent in period 3 | Your ward Meera Mohan was ABSENT in period 3 - CS306 Software Engineering on 12-Oct-2026.
2026-10-08T16:15:07  [SMS to PARENT 8000000117]  Absent in period 3 | Your ward Harsha Iyer was ABSENT in period 3 - CS306 Software Engineering on 12-Oct-2026.
2026-10-08T16:15:10  [EMAIL to ADVISOR anitha@college.edu]  CSE-III-A - period 3 (CS306): 15 absent | Absentees in period 3 - CS306 Software Engineering on 12-Oct-2026 (15 of 60): Rahul (#101), Priya (#102), Arun (#103), Divya (#104), Ravi (#109), Nisha (#110), Janani Gupta (#111), Hari Subramanian (#112), Bhavana Venkat (#113), Keerthi Bose (#114), Krishna Shetty (#115), Meera Mohan (#116), Harsha Iyer (#117), Praveen Pillai (#118), Divya Das (#119)
2026-10-08T16:15:10  [SMS to PARENT 8000000119]  Absent in period 3 | Your ward Divya Das was ABSENT in period 3 - CS306 Software Engineering on 12-Oct-2026.
2026-10-08T16:15:10  [SMS to PARENT 8000000118]  Absent in period 3 | Your ward Praveen Pillai was ABSENT in period 3 - CS306 Software Engineering on 12-Oct-2026.
2026-10-08T16:15:13  [EMAIL to ADVISOR anitha@college.edu]  CSE-III-A - period 3 (CS306): 20 absent | Absentees in period 3 - CS306 Software Engineering on 12-Oct-2026 (20 of 60): Rahul (#101), Priya (#102), Arun (#103), Divya (#104), Ravi (#109), Nisha (#110), Janani Gupta (#111), Hari Subramanian (#112), Bhavana Venkat (#113), Keerthi Bose (#114), Krishna Shetty (#115), Meera Mohan (#116), Harsha Iyer (#117), Praveen Pillai (#118), Divya Das (#119), Aarav Krishnan (#120), Rohan Natarajan (#121), Nithya Murthy (#122), Naveen Naidu (#123), Tarun Varma (#124)
2026-10-08T16:15:13  [SMS to PARENT 8000000120]  Absent in period 3 | Your ward Aarav Krishnan was ABSENT in period 3 - CS306 Software Engineering on 12-Oct-2026.
2026-10-08T16:15:13  [SMS to PARENT 8000000121]  Absent in period 3 | Your ward Rohan Natarajan was ABSENT in period 3 - CS306 Software Engineering on 12-Oct-2026.
2026-10-08T16:15:13  [SMS to PARENT 8000000122]  Absent in period 3 | Your ward Nithya Murthy was ABSENT in period 3 - CS306 Software Engineering on 12-Oct-2026.
2026-10-08T16:15:13  [SMS to PARENT 8000000123]  Absent in period 3 | Your ward Naveen Naidu was ABSENT in period 3 - CS306 Software Engineering on 12-Oct-2026.
2026-10-08T16:15:13  [SMS to PARENT 8000000124]  Absent in period 3 | Your ward Tarun Varma was ABSENT in period 3 - CS306 Software Engineering on 12-Oct-2026.
2026-10-08T16:15:16  [EMAIL to ADVISOR anitha@college.edu]  CSE-III-A - period 3 (CS306): 23 absent | Absentees in period 3 - CS306 Software Engineering on 12-Oct-2026 (23 of 60): Rahul (#101), Priya (#102), Arun (#103), Divya (#104), Ravi (#109), Nisha (#110), Janani Gupta (#111), Hari Subramanian (#112), Bhavana Venkat (#113), Keerthi Bose (#114), Krishna Shetty (#115), Meera Mohan (#116), Harsha Iyer (#117), Praveen Pillai (#118), Divya Das (#119), Aarav Krishnan (#120), Rohan Natarajan (#121), Nithya Murthy (#122), Naveen Naidu (#123), Tarun Varma (#124), Gayathri Sharma (#125), Arjun Reddy 
2026-10-08T16:15:16  [SMS to PARENT 8000000125]  Absent in period 3 | Your ward Gayathri Sharma was ABSENT in period 3 - CS306 Software Engineering on 12-Oct-2026.
2026-10-08T16:15:16  [SMS to PARENT 8000000126]  Absent in period 3 | Your ward Arjun Reddy was ABSENT in period 3 - CS306 Software Engineering on 12-Oct-2026.
2026-10-08T16:15:16  [SMS to PARENT 8000000127]  Absent in period 3 | Your ward Karan Rao was ABSENT in period 3 - CS306 Software Engineering on 12-Oct-2026.
2026-10-08T16:15:19  [EMAIL to ADVISOR anitha@college.edu]  CSE-III-A - period 3 (CS306): 26 absent | Absentees in period 3 - CS306 Software Engineering on 12-Oct-2026 (26 of 60): Rahul (#101), Priya (#102), Arun (#103), Divya (#104), Ravi (#109), Nisha (#110), Janani Gupta (#111), Hari Subramanian (#112), Bhavana Venkat (#113), Keerthi Bose (#114), Krishna Shetty (#115), Meera Mohan (#116), Harsha Iyer (#117), Praveen Pillai (#118), Divya Das (#119), Aarav Krishnan (#120), Rohan Natarajan (#121), Nithya Murthy (#122), Naveen Naidu (#123), Tarun Varma (#124), Gayathri Sharma (#125), Arjun Reddy 
2026-10-08T16:15:19  [SMS to PARENT 8000000128]  Absent in period 3 | Your ward Shruti Singh was ABSENT in period 3 - CS306 Software Engineering on 12-Oct-2026.
2026-10-08T16:15:19  [SMS to PARENT 8000000129]  Absent in period 3 | Your ward Gokul Raman was ABSENT in period 3 - CS306 Software Engineering on 12-Oct-2026.
2026-10-08T16:15:19  [SMS to PARENT 8000000130]  Absent in period 3 | Your ward Abinaya Chandran was ABSENT in period 3 - CS306 Software Engineering on 12-Oct-2026.
2026-10-08T16:15:22  [EMAIL to ADVISOR anitha@college.edu]  CSE-III-A - period 3 (CS306): 27 absent | Absentees in period 3 - CS306 Software Engineering on 12-Oct-2026 (27 of 60): Rahul (#101), Priya (#102), Arun (#103), Divya (#104), Ravi (#109), Nisha (#110), Janani Gupta (#111), Hari Subramanian (#112), Bhavana Venkat (#113), Keerthi Bose (#114), Krishna Shetty (#115), Meera Mohan (#116), Harsha Iyer (#117), Praveen Pillai (#118), Divya Das (#119), Aarav Krishnan (#120), Rohan Natarajan (#121), Nithya Murthy (#122), Naveen Naidu (#123), Tarun Varma (#124), Gayathri Sharma (#125), Arjun Reddy 
2026-10-08T16:15:22  [SMS to PARENT 8000000133]  Absent in period 3 | Your ward Diya Kumar was ABSENT in period 3 - CS306 Software Engineering on 12-Oct-2026.
2026-10-08T16:15:28  [EMAIL to ADVISOR anitha@college.edu]  CSE-III-A - period 3 (CS306): 30 absent | Absentees in period 3 - CS306 Software Engineering on 12-Oct-2026 (30 of 60): Rahul (#101), Priya (#102), Arun (#103), Divya (#104), Ravi (#109), Nisha (#110), Janani Gupta (#111), Hari Subramanian (#112), Bhavana Venkat (#113), Keerthi Bose (#114), Krishna Shetty (#115), Meera Mohan (#116), Harsha Iyer (#117), Praveen Pillai (#118), Divya Das (#119), Aarav Krishnan (#120), Rohan Natarajan (#121), Nithya Murthy (#122), Naveen Naidu (#123), Tarun Varma (#124), Gayathri Sharma (#125), Arjun Reddy 
2026-10-08T16:15:28  [SMS to PARENT 8000000164]  Absent in period 3 | Your ward Tarun Bose was ABSENT in period 3 - CS306 Software Engineering on 12-Oct-2026.
2026-10-08T16:15:28  [SMS to PARENT 8000000163]  Absent in period 3 | Your ward Naveen Venkat was ABSENT in period 3 - CS306 Software Engineering on 12-Oct-2026.
2026-10-08T16:15:28  [SMS to PARENT 8000000162]  Absent in period 3 | Your ward Nithya Subramanian was ABSENT in period 3 - CS306 Software Engineering on 12-Oct-2026.
2026-10-08T16:15:31  [EMAIL to ADVISOR anitha@college.edu]  CSE-III-A - period 3 (CS306): 32 absent | Absentees in period 3 - CS306 Software Engineering on 12-Oct-2026 (32 of 60): Rahul (#101), Priya (#102), Arun (#103), Divya (#104), Ravi (#109), Nisha (#110), Janani Gupta (#111), Hari Subramanian (#112), Bhavana Venkat (#113), Keerthi Bose (#114), Krishna Shetty (#115), Meera Mohan (#116), Harsha Iyer (#117), Praveen Pillai (#118), Divya Das (#119), Aarav Krishnan (#120), Rohan Natarajan (#121), Nithya Murthy (#122), Naveen Naidu (#123), Tarun Varma (#124), Gayathri Sharma (#125), Arjun Reddy 
2026-10-08T16:15:31  [SMS to PARENT 8000000161]  Absent in period 3 | Your ward Rohan Gupta was ABSENT in period 3 - CS306 Software Engineering on 12-Oct-2026.
2026-10-08T16:15:31  [SMS to PARENT 8000000160]  Absent in period 3 | Your ward Aarav Menon was ABSENT in period 3 - CS306 Software Engineering on 12-Oct-2026.
2026-10-08T16:16:28  [SMS to PARENT 8000000101]  Absent in period 1 | Your ward Rahul was ABSENT in period 1 - CS306 Software Engineering on 13-Oct-2026.
2026-10-08T16:16:28  [EMAIL to ADVISOR anitha@college.edu]  CSE-III-A - period 1 (CS306): 9 absent | Absentees in period 1 - CS306 Software Engineering on 13-Oct-2026 (9 of 56): Rahul (#101), Ananya Sharma (#150), Janani Reddy (#151), Bhavana Singh (#153), Keerthi Raman (#154), Meera Patel (#156), Harsha Joshi (#157), Divya Nair (#159), Aarav Menon (#160)
2026-10-08T16:16:28  [SMS to PARENT 8000000150]  Absent in period 1 | Your ward Ananya Sharma was ABSENT in period 1 - CS306 Software Engineering on 13-Oct-2026.
2026-10-08T16:16:28  [SMS to PARENT 8000000151]  Absent in period 1 | Your ward Janani Reddy was ABSENT in period 1 - CS306 Software Engineering on 13-Oct-2026.
2026-10-08T16:16:28  [SMS to PARENT 8000000153]  Absent in period 1 | Your ward Bhavana Singh was ABSENT in period 1 - CS306 Software Engineering on 13-Oct-2026.
2026-10-08T16:16:28  [SMS to PARENT 8000000154]  Absent in period 1 | Your ward Keerthi Raman was ABSENT in period 1 - CS306 Software Engineering on 13-Oct-2026.
2026-10-08T16:16:28  [SMS to PARENT 8000000156]  Absent in period 1 | Your ward Meera Patel was ABSENT in period 1 - CS306 Software Engineering on 13-Oct-2026.
2026-10-08T16:16:28  [SMS to PARENT 8000000157]  Absent in period 1 | Your ward Harsha Joshi was ABSENT in period 1 - CS306 Software Engineering on 13-Oct-2026.
2026-10-08T16:16:28  [SMS to PARENT 8000000159]  Absent in period 1 | Your ward Divya Nair was ABSENT in period 1 - CS306 Software Engineering on 13-Oct-2026.
2026-10-08T16:16:28  [SMS to PARENT 8000000160]  Absent in period 1 | Your ward Aarav Menon was ABSENT in period 1 - CS306 Software Engineering on 13-Oct-2026.
